[www.agt.com.tr/en/sanal-showroom-page/home-design.html]
[backblue.gif]
[fade.gif]
[index.html]
[cdn.agt.com.tr/assets/img/share-img.png]
[www.agt.com.tr/static/css/font.html]
[cdn.agt.com.tr/assets/img/agt-logo.png]
[cdn.agt.com.tr/assets/img/en_parke-inf.png]
[cdn.agt.com.tr/assets/img/en_profil-inf.png]
[www.agt.com.tr/static/js/main.5869a832.chunk.html]
[www.agt.com.tr/static/js/2.8c36a42a.chunk.html]
[cdn.jsdelivr.net/npm/js-cookie@3.0.5/dist/js.cookie.min.js]
[www.agt.com.tr/en/sanal-showroom-page/home-design.html]
[www.agt.com.tr/static/css/font.html]
[www.googletagmanager.com/gtm5445.html]
[cdn.agt.com.tr/assets/script/home_design.js]
[www.agt.com.tr/static/js/_trend-inf.html]
[www.agt.com.tr/img/agt-logo-footer.png]
[www.agt.com.tr/en/agt-logo-footer.png]
[www.agt.com.tr/static/js/main.5869a832.chunk.html]
[www.agt.com.tr/static/js/2.8c36a42a.chunk.html]
[www.agt.com.tr/static/js/_trend-inf.html]
[www.agt.com.tr/en/agt-logo-footer.html]
[www.agt.com.tr/static/js/==e437a.html]
[www.agt.com.tr/static/js/==t___src_===t){if(_.html]
[www.agt.com.tr/static/js/==t){if(g.lastIndex=0,g.html]
[ccdn.mobildev.in/ebdf7eb1f54f489688251bc635e5d38e.js]
